vite v7.1.9 building for production...
transforming...
✓ 3588 modules transformed.
rendering chunks...
[plugin vite:reporter] 
(!) /private/tmp/mvs-music-mv-canvas-0913/shared/manhuaKeyartEditFusion.ts is dynamically imported by /private/tmp/mvs-music-mv-canvas-0913/client/src/lib/canvasRunBlock.ts but also statically imported by /private/tmp/mvs-music-mv-canvas-0913/client/src/lib/canvasDramaStudio.ts, /private/tmp/mvs-music-mv-canvas-0913/client/src/lib/canvasRunBlock.ts, /private/tmp/mvs-music-mv-canvas-0913/client/src/pages/OmniCanvas.tsx, /private/tmp/mvs-music-mv-canvas-0913/shared/manhuaKeyartSlimPrompt.ts, dynamic import will not move module into another chunk.

[plugin vite:reporter] 
(!) /private/tmp/mvs-music-mv-canvas-0913/client/src/lib/canvasDocumentText.ts is dynamically imported by /private/tmp/mvs-music-mv-canvas-0913/client/src/lib/canvasRunBlock.ts but also statically imported by /private/tmp/mvs-music-mv-canvas-0913/client/src/components/canvas/FreeformCanvas.tsx, /private/tmp/mvs-music-mv-canvas-0913/client/src/lib/canvasDramaStudio.ts, dynamic import will not move module into another chunk.

[plugin vite:reporter] 
(!) /private/tmp/mvs-music-mv-canvas-0913/shared/manhuaAtReference.ts is dynamically imported by /private/tmp/mvs-music-mv-canvas-0913/client/src/lib/canvasRunBlock.ts but also statically imported by /private/tmp/mvs-music-mv-canvas-0913/client/src/components/ManhuaScriptWorkbench.tsx, /private/tmp/mvs-music-mv-canvas-0913/client/src/pages/OmniCanvas.tsx, dynamic import will not move module into another chunk.

[plugin vite:reporter] 
(!) /private/tmp/mvs-music-mv-canvas-0913/shared/manhuaShotContinuity.ts is dynamically imported by /private/tmp/mvs-music-mv-canvas-0913/client/src/lib/canvasDramaStudio.ts, /private/tmp/mvs-music-mv-canvas-0913/client/src/lib/canvasDramaStudio.ts but also statically imported by /private/tmp/mvs-music-mv-canvas-0913/client/src/pages/OmniCanvas.tsx, dynamic import will not move module into another chunk.

computing gzip size...
dist/index.html                                           378.62 kB │ gzip: 110.79 kB
dist/assets/MVAnalysis-BdYAYcKU.css                         0.75 kB │ gzip:   0.29 kB
dist/assets/index-BSa3u2fc.css                            533.49 kB │ gzip:  66.86 kB
dist/assets/__vite-browser-external-BIHI7g3E.js             0.03 kB │ gzip:   0.05 kB
dist/assets/useIsTrialUser-DJW2uCVD.js                      0.19 kB │ gzip:   0.19 kB
dist/assets/index-C8NUUo2V.js                               0.23 kB │ gzip:   0.17 kB
dist/assets/GrowthCampRedirect-C06Jhe1-.js                  0.26 kB │ gzip:   0.23 kB
dist/assets/chevron-down-Cfm1Vbvs.js                        0.30 kB │ gzip:   0.24 kB
dist/assets/chevron-right-CVZZ0kgG.js                       0.30 kB │ gzip:   0.25 kB
dist/assets/chevron-left-vx-m7TI2.js                        0.30 kB │ gzip:   0.25 kB
dist/assets/play-C4aetiGP.js                                0.30 kB │ gzip:   0.25 kB
dist/assets/plus-BDfgt9Qe.js                                0.32 kB │ gzip:   0.25 kB
dist/assets/music-2-C1XhYUzy.js                             0.33 kB │ gzip:   0.27 kB
dist/assets/arrow-down-Dah71D9x.js                          0.33 kB │ gzip:   0.26 kB
dist/assets/arrow-left-CePTXgKg.js                          0.33 kB │ gzip:   0.27 kB
dist/assets/search-ByoMOBLH.js                              0.34 kB │ gzip:   0.27 kB
dist/assets/circle-check-D9VIzak5.js                        0.34 kB │ gzip:   0.27 kB
dist/assets/circle-play-BvT9XIyL.js                         0.36 kB │ gzip:   0.27 kB
dist/assets/index-L8VMxehW.js                               0.36 kB │ gzip:   0.28 kB
dist/assets/user-D1Luj8rw.js                                0.37 kB │ gzip:   0.28 kB
dist/assets/rotate-ccw-DLeo5cml.js                          0.37 kB │ gzip:   0.28 kB
dist/assets/circle-x-Dq6n43i9.js                            0.37 kB │ gzip:   0.28 kB
dist/assets/trending-up-CSYG3SMI.js                         0.37 kB │ gzip:   0.28 kB
dist/assets/lock-B0ncDLQV.js                                0.38 kB │ gzip:   0.29 kB
dist/assets/star-i4-gbKVm.js                                0.38 kB │ gzip:   0.29 kB
dist/assets/dollar-sign-CLFxwjN6.js                         0.39 kB │ gzip:   0.30 kB
dist/assets/briefcase-CaymZofk.js                           0.39 kB │ gzip:   0.30 kB
dist/assets/target-DdqqMavX.js                              0.39 kB │ gzip:   0.26 kB
dist/assets/heart-BO-MNEFA.js                               0.41 kB │ gzip:   0.31 kB
dist/assets/globe-DWo1yd7n.js                               0.41 kB │ gzip:   0.29 kB
dist/assets/camera-D-PJC48v.js                              0.42 kB │ gzip:   0.31 kB
dist/assets/cloud-upload-D55aQUhu.js                        0.42 kB │ gzip:   0.31 kB
dist/assets/compass-CqwH-Yt-.js                             0.42 kB │ gzip:   0.31 kB
dist/assets/eye-eTAOFCvo.js                                 0.42 kB │ gzip:   0.30 kB
dist/assets/calendar-BxKNETgW.js                            0.43 kB │ gzip:   0.30 kB
dist/assets/zap-BfIhnU9s.js                                 0.43 kB │ gzip:   0.31 kB
dist/assets/eraser-hMqkjXQf.js                              0.44 kB │ gzip:   0.32 kB
dist/assets/shield-BmsiU_rU.js                              0.44 kB │ gzip:   0.33 kB
dist/assets/pencil-B1kk_HVo.js                              0.45 kB │ gzip:   0.33 kB
dist/assets/book-open-CVJfHeDi.js                           0.45 kB │ gzip:   0.31 kB
dist/assets/flame-DZMUgXYh.js                               0.45 kB │ gzip:   0.33 kB
dist/assets/coins-_VRQd59L.js                               0.45 kB │ gzip:   0.33 kB
dist/assets/ResearchHubRedirect-DwNmlnXP.js                 0.45 kB │ gzip:   0.32 kB
dist/assets/file-up-BtCi6-vL.js                             0.47 kB │ gzip:   0.31 kB
dist/assets/file-down-I6fxlIbL.js                           0.47 kB │ gzip:   0.32 kB
dist/assets/users-CY5Y6vt4.js                               0.47 kB │ gzip:   0.32 kB
dist/assets/scissors-_vaXqr7a.js                            0.48 kB │ gzip:   0.32 kB
dist/assets/competitorResearchBeta-D6Hue7XX.js              0.49 kB │ gzip:   0.40 kB
dist/assets/shield-check-BFWt8Qky.js                        0.49 kB │ gzip:   0.35 kB
dist/assets/refresh-ccw-BdvLlnaB.js                         0.49 kB │ gzip:   0.32 kB
dist/assets/bot-BqK3y0HG.js                                 0.50 kB │ gzip:   0.33 kB
dist/assets/layout-dashboard-BCV-RCcv.js                    0.52 kB │ gzip:   0.31 kB
dist/assets/mic-vocal-DI03vAnq.js                           0.52 kB │ gzip:   0.38 kB
dist/assets/trash-2-BrrX7pNf.js                             0.53 kB │ gzip:   0.35 kB
dist/assets/crown-DPSL5wfX.js                               0.53 kB │ gzip:   0.36 kB
dist/assets/aperture-B6eywf2L.js                            0.58 kB │ gzip:   0.36 kB
dist/assets/film-iaCv083x.js                                0.58 kB │ gzip:   0.34 kB
dist/assets/building-2-vYZc5tCg.js                          0.61 kB │ gzip:   0.35 kB
dist/assets/rocket-BT2_fHIb.js                              0.62 kB │ gzip:   0.41 kB
dist/assets/trophy-DK5z1NsZ.js                              0.63 kB │ gzip:   0.39 kB
dist/assets/wand-sparkles-CH6uv06-.js                       0.68 kB │ gzip:   0.40 kB
dist/assets/useComposition-DvHMvtQc.js                      0.76 kB │ gzip:   0.37 kB
dist/assets/database-BGfz03ii.js                            0.78 kB │ gzip:   0.38 kB
dist/assets/bug-BSnu4HfU.js                                 0.84 kB │ gzip:   0.47 kB
dist/assets/mic-CEhpSXLQ.js                                 0.98 kB │ gzip:   0.44 kB
dist/assets/agentPricing-BjBukHhO.js                        1.04 kB │ gzip:   0.68 kB
dist/assets/textarea-AZ6Fs1rp.js                            1.15 kB │ gzip:   0.61 kB
dist/assets/badge-DzkBpi4i.js                               1.17 kB │ gzip:   0.58 kB
dist/assets/index-BV7IWuuE.js                               1.28 kB │ gzip:   0.64 kB
dist/assets/input-CrsBwss5.js                               1.31 kB │ gzip:   0.66 kB
dist/assets/growthMusic-CvdHeqxC.js                         1.79 kB │ gzip:   1.06 kB
dist/assets/canvasGptImage2JobInput-qi9h1yCY.js             1.99 kB │ gzip:   0.89 kB
dist/assets/AgentInsufficientCreditsDialog-CNETNV-G.js      2.14 kB │ gzip:   0.84 kB
dist/assets/pdfHtmlOptimize-Bn4o7ONY.js                     2.93 kB │ gzip:   1.02 kB
dist/assets/SupervisorAccess-X4aNaY-k.js                    3.27 kB │ gzip:   1.31 kB
dist/assets/VoiceInputButton-ZnxtdAdr.js                    3.35 kB │ gzip:   1.72 kB
dist/assets/index-DG8zMDPM.js                               3.49 kB │ gzip:   1.58 kB
dist/assets/tabs-BUIaa1CQ.js                                3.69 kB │ gzip:   1.54 kB
dist/assets/TrialWatermarkImage-h4rv8Qn5.js                 3.99 kB │ gzip:   1.79 kB
dist/assets/TemplatesLibrary-BwoFsmTU.js                    5.05 kB │ gzip:   1.56 kB
dist/assets/RemixLanding-CxcAlf1t.js                        6.40 kB │ gzip:   2.18 kB
dist/assets/manhuaAssetZipImport-BLC2P_m3.js                7.56 kB │ gzip:   3.37 kB
dist/assets/PaymentHistory-T2ziN3D0.js                      8.48 kB │ gzip:   2.31 kB
dist/assets/ResearchHubPage-ZnwLLMj-.js                     8.72 kB │ gzip:   3.19 kB
dist/assets/CreationManager-D9f0vjXv.js                    10.22 kB │ gzip:   3.01 kB
dist/assets/Navbar-CWMJgZRf.js                             11.39 kB │ gzip:   3.19 kB
dist/assets/MyWorks--38j05jb.js                            12.76 kB │ gzip:   3.91 kB
dist/assets/PlatformIpMatrixPage-CU1EZ_Dt.js               13.17 kB │ gzip:   4.01 kB
dist/assets/CompetitorRadarPage-NPMb6KAu.js                13.45 kB │ gzip:   4.19 kB
dist/assets/Dashboard-DIy5EY8W.js                          14.35 kB │ gzip:   3.92 kB
dist/assets/hailuoOpenRouterModels-BpjJ173Y.js             17.30 kB │ gzip:   8.15 kB
dist/assets/SupervisorDeepResearchPage-BNaMZBbV.js         18.95 kB │ gzip:   4.53 kB
dist/assets/TemplatePicker-BwBnymuo.js                     19.08 kB │ gzip:   5.18 kB
dist/assets/dropdown-menu-CIaCiFjt.js                      19.14 kB │ gzip:   5.81 kB
dist/assets/TeamManagement-DSYSy2iN.js                     19.18 kB │ gzip:   4.41 kB
dist/assets/VipTrackerPage-D3ixNcs9.js                     19.42 kB │ gzip:   5.48 kB
dist/assets/WorkspaceStudio-amQBgF8Q.js                    19.70 kB │ gzip:   5.58 kB
dist/assets/CreativePage-CJcqhLVq.js                       22.11 kB │ gzip:   8.33 kB
dist/assets/AnalysisView-EcLDh-Ru.js                       22.18 kB │ gzip:   5.70 kB
dist/assets/select-CkH__xIW.js                             22.37 kB │ gzip:   7.55 kB
dist/assets/purify.es-B5CD4DQe.js                          22.90 kB │ gzip:   8.84 kB
dist/assets/jobs-C_mplx1Q.js                               24.28 kB │ gzip:  10.72 kB
dist/assets/QuotaExhaustedModal-Cj2e2nI4.js                26.11 kB │ gzip:   5.72 kB
dist/assets/researchHubRoutes-DK22_6PK.js                  27.00 kB │ gzip:   8.23 kB
dist/assets/VFXEngine-B4Rkdx8U.js                          27.61 kB │ gzip:   7.49 kB
dist/assets/RemixStudio-CM_6hUf0.js                        30.85 kB │ gzip:   8.15 kB
dist/assets/Showcase-4Q7outjB.js                           31.13 kB │ gzip:   8.32 kB
dist/assets/Pricing-BgIYzvuZ.js                            31.28 kB │ gzip:   7.85 kB
dist/assets/AgentJobMonitor-BcBZH0S7.js                    31.33 kB │ gzip:   9.05 kB
dist/assets/AdminPanel-BSscef_5.js                         43.55 kB │ gzip:  10.17 kB
dist/assets/EnterpriseAgentDetail-BhNicSvM.js              44.01 kB │ gzip:  11.24 kB
dist/assets/TestLab-DvvI9k-X.js                            48.34 kB │ gzip:  10.24 kB
dist/assets/EnterpriseAgentManager-SoSRGeDU.js             49.15 kB │ gzip:  16.25 kB
dist/assets/ResearchPage-CamTtlEO.js                       50.96 kB │ gzip:  12.35 kB
dist/assets/EnterpriseAgentPlayground-Cp8VxZOO.js          52.69 kB │ gzip:  15.92 kB
dist/assets/schemas-DrScIBws.js                            54.71 kB │ gzip:  14.65 kB
dist/assets/Storyboard-DwC-3YZ6.js                         62.92 kB │ gzip:  14.75 kB
dist/assets/platformCoverDrProLs-BdMwtQJU.js               63.28 kB │ gzip:  17.84 kB
dist/assets/MyReportsPage-53d22kaT.js                      74.02 kB │ gzip:  20.99 kB
dist/assets/GodViewPage-GQiu9rgN.js                        92.37 kB │ gzip:  24.33 kB
dist/assets/WorkflowNodes-Bu6-AYcH.js                     112.06 kB │ gzip:  22.52 kB
dist/assets/storyboardLightingEmotion-BGVzTLZN.js         121.02 kB │ gzip:  42.81 kB
dist/assets/PlatformReportDashboard-CcenBS6c.js           130.67 kB │ gzip:  33.43 kB
dist/assets/index.es-Bv8WM7Xa.js                          159.64 kB │ gzip:  53.54 kB
dist/assets/html2canvas.esm-B0tyYwQk.js                   202.36 kB │ gzip:  48.04 kB
dist/assets/MVAnalysis-dOP5QRGh.js                        230.75 kB │ gzip:  57.66 kB
dist/assets/jspdf.es.min-B8errOPQ.js                      390.05 kB │ gzip: 128.65 kB
dist/assets/RadarChart-tr1ApjlY.js                        420.19 kB │ gzip: 112.25 kB
dist/assets/index-CRhTIU9a.js                             798.83 kB │ gzip: 241.94 kB
dist/assets/PlatformPage-LXFOyilL.js                    1,214.12 kB │ gzip: 360.03 kB
dist/assets/OmniCanvas-DSepDqH3.js                      1,835.06 kB │ gzip: 575.22 kB

(!) Some chunks are larger than 500 kB after minification. Consider:
- Using dynamic import() to code-split the application
- Use build.rollupOptions.output.manualChunks to improve chunking: https://rollupjs.org/configuration-options/#output-manualchunks
- Adjust chunk size limit for this warning via build.chunkSizeWarningLimit.
✓ built in 46.42s
