Compressed 196 bytes to 105 bytes
VFX_STAGE_PROGRESS world_ready
VFX_STAGE_PROGRESS models_ready
VFX_STAGE_PROGRESS frame=0 reflections_start
VFX_STAGE_PROGRESS frame=0 sample=0
VFX_STAGE_PROGRESS frame=0 sample=4
VFX_STAGE_PROGRESS frame=0 sample=8
VFX_STAGE_PROGRESS frame=0 sample=12
REAL_STAGE_FRAME_PASS 1
VFX_STAGE_PROGRESS frame=1 reflections_start
VFX_STAGE_PROGRESS frame=1 sample=0
VFX_STAGE_PROGRESS frame=1 sample=4
VFX_STAGE_PROGRESS frame=1 sample=8
VFX_STAGE_PROGRESS frame=1 sample=12
REAL_STAGE_FRAME_PASS 2
VFX_STAGE_PROGRESS frame=2 reflections_start
VFX_STAGE_PROGRESS frame=2 sample=0
VFX_STAGE_PROGRESS frame=2 sample=4
VFX_STAGE_PROGRESS frame=2 sample=8
VFX_STAGE_PROGRESS frame=2 sample=12
REAL_STAGE_FRAME_PASS 3
VFX_STAGE_PROGRESS frame=3 reflections_start
VFX_STAGE_PROGRESS frame=3 sample=0
VFX_STAGE_PROGRESS frame=3 sample=4
VFX_STAGE_PROGRESS frame=3 sample=8
VFX_STAGE_PROGRESS frame=3 sample=12
REAL_STAGE_FRAME_PASS 4
VFX_STAGE_PROGRESS frame=4 reflections_start
VFX_STAGE_PROGRESS frame=4 sample=0
VFX_STAGE_PROGRESS frame=4 sample=4
VFX_STAGE_PROGRESS frame=4 sample=8
VFX_STAGE_PROGRESS frame=4 sample=12
REAL_STAGE_FRAME_PASS 5
VFX_STAGE_PROGRESS frame=5 reflections_start
VFX_STAGE_PROGRESS frame=5 sample=0
VFX_STAGE_PROGRESS frame=5 sample=4
VFX_STAGE_PROGRESS frame=5 sample=8
VFX_STAGE_PROGRESS frame=5 sample=12
REAL_STAGE_FRAME_PASS 6
VFX_STAGE_PROGRESS frame=6 reflections_start
VFX_STAGE_PROGRESS frame=6 sample=0
VFX_STAGE_PROGRESS frame=6 sample=4
VFX_STAGE_PROGRESS frame=6 sample=8
VFX_STAGE_PROGRESS frame=6 sample=12
REAL_STAGE_FRAME_PASS 7
VFX_STAGE_PROGRESS frame=7 reflections_start
VFX_STAGE_PROGRESS frame=7 sample=0
VFX_STAGE_PROGRESS frame=7 sample=4
VFX_STAGE_PROGRESS frame=7 sample=8
VFX_STAGE_PROGRESS frame=7 sample=12
REAL_STAGE_FRAME_PASS 8
VFX_STAGE_PROGRESS frame=8 reflections_start
VFX_STAGE_PROGRESS frame=8 sample=0
VFX_STAGE_PROGRESS frame=8 sample=4
VFX_STAGE_PROGRESS frame=8 sample=8
VFX_STAGE_PROGRESS frame=8 sample=12
REAL_STAGE_FRAME_PASS 9
VFX_STAGE_PROGRESS frame=9 reflections_start
VFX_STAGE_PROGRESS frame=9 sample=0
VFX_STAGE_PROGRESS frame=9 sample=4
VFX_STAGE_PROGRESS frame=9 sample=8
VFX_STAGE_PROGRESS frame=9 sample=12
REAL_STAGE_FRAME_PASS 10
VFX_STAGE_PROGRESS frame=10 reflections_start
VFX_STAGE_PROGRESS frame=10 sample=0
VFX_STAGE_PROGRESS frame=10 sample=4
VFX_STAGE_PROGRESS frame=10 sample=8
VFX_STAGE_PROGRESS frame=10 sample=12
REAL_STAGE_FRAME_PASS 11
VFX_STAGE_PROGRESS frame=11 reflections_start
VFX_STAGE_PROGRESS frame=11 sample=0
VFX_STAGE_PROGRESS frame=11 sample=4
VFX_STAGE_PROGRESS frame=11 sample=8
VFX_STAGE_PROGRESS frame=11 sample=12
REAL_STAGE_FRAME_PASS 12
VFX_STAGE_PROGRESS frame=12 reflections_start
VFX_STAGE_PROGRESS frame=12 sample=0
VFX_STAGE_PROGRESS frame=12 sample=4
VFX_STAGE_PROGRESS frame=12 sample=8
VFX_STAGE_PROGRESS frame=12 sample=12
REAL_STAGE_FRAME_PASS 13
VFX_STAGE_PROGRESS frame=13 reflections_start
VFX_STAGE_PROGRESS frame=13 sample=0
VFX_STAGE_PROGRESS frame=13 sample=4
VFX_STAGE_PROGRESS frame=13 sample=8
VFX_STAGE_PROGRESS frame=13 sample=12
REAL_STAGE_FRAME_PASS 14
VFX_STAGE_PROGRESS frame=14 reflections_start
VFX_STAGE_PROGRESS frame=14 sample=0
VFX_STAGE_PROGRESS frame=14 sample=4
VFX_STAGE_PROGRESS frame=14 sample=8
VFX_STAGE_PROGRESS frame=14 sample=12
REAL_STAGE_FRAME_PASS 15
VFX_STAGE_PROGRESS frame=15 reflections_start
VFX_STAGE_PROGRESS frame=15 sample=0
VFX_STAGE_PROGRESS frame=15 sample=4
VFX_STAGE_PROGRESS frame=15 sample=8
VFX_STAGE_PROGRESS frame=15 sample=12
REAL_STAGE_FRAME_PASS 16
VFX_STAGE_PROGRESS frame=16 reflections_start
VFX_STAGE_PROGRESS frame=16 sample=0
VFX_STAGE_PROGRESS frame=16 sample=4
VFX_STAGE_PROGRESS frame=16 sample=8
VFX_STAGE_PROGRESS frame=16 sample=12
REAL_STAGE_FRAME_PASS 17
VFX_STAGE_PROGRESS frame=17 reflections_start
VFX_STAGE_PROGRESS frame=17 sample=0
VFX_STAGE_PROGRESS frame=17 sample=4
VFX_STAGE_PROGRESS frame=17 sample=8
VFX_STAGE_PROGRESS frame=17 sample=12
REAL_STAGE_FRAME_PASS 18
VFX_STAGE_PROGRESS frame=18 reflections_start
VFX_STAGE_PROGRESS frame=18 sample=0
VFX_STAGE_PROGRESS frame=18 sample=4
VFX_STAGE_PROGRESS frame=18 sample=8
VFX_STAGE_PROGRESS frame=18 sample=12
REAL_STAGE_FRAME_PASS 19
VFX_STAGE_PROGRESS frame=19 reflections_start
VFX_STAGE_PROGRESS frame=19 sample=0
VFX_STAGE_PROGRESS frame=19 sample=4
VFX_STAGE_PROGRESS frame=19 sample=8
VFX_STAGE_PROGRESS frame=19 sample=12
REAL_STAGE_FRAME_PASS 20
VFX_STAGE_PROGRESS frame=20 reflections_start
VFX_STAGE_PROGRESS frame=20 sample=0
VFX_STAGE_PROGRESS frame=20 sample=4
VFX_STAGE_PROGRESS frame=20 sample=8
VFX_STAGE_PROGRESS frame=20 sample=12
REAL_STAGE_FRAME_PASS 21
VFX_STAGE_PROGRESS frame=21 reflections_start
VFX_STAGE_PROGRESS frame=21 sample=0
VFX_STAGE_PROGRESS frame=21 sample=4
VFX_STAGE_PROGRESS frame=21 sample=8
VFX_STAGE_PROGRESS frame=21 sample=12
REAL_STAGE_FRAME_PASS 22
VFX_STAGE_PROGRESS frame=22 reflections_start
VFX_STAGE_PROGRESS frame=22 sample=0
VFX_STAGE_PROGRESS frame=22 sample=4
VFX_STAGE_PROGRESS frame=22 sample=8
VFX_STAGE_PROGRESS frame=22 sample=12
REAL_STAGE_FRAME_PASS 23
VFX_STAGE_PROGRESS frame=23 reflections_start
VFX_STAGE_PROGRESS frame=23 sample=0
VFX_STAGE_PROGRESS frame=23 sample=4
VFX_STAGE_PROGRESS frame=23 sample=8
VFX_STAGE_PROGRESS frame=23 sample=12
REAL_STAGE_FRAME_PASS 24
VFX_STAGE_PROGRESS frame=24 reflections_start
VFX_STAGE_PROGRESS frame=24 sample=0
VFX_STAGE_PROGRESS frame=24 sample=4
VFX_STAGE_PROGRESS frame=24 sample=8
VFX_STAGE_PROGRESS frame=24 sample=12
REAL_STAGE_FRAME_PASS 25
VFX_STAGE_PROGRESS frame=25 reflections_start
VFX_STAGE_PROGRESS frame=25 sample=0
VFX_STAGE_PROGRESS frame=25 sample=4
VFX_STAGE_PROGRESS frame=25 sample=8
VFX_STAGE_PROGRESS frame=25 sample=12
REAL_STAGE_FRAME_PASS 26
VFX_STAGE_PROGRESS frame=26 reflections_start
VFX_STAGE_PROGRESS frame=26 sample=0
VFX_STAGE_PROGRESS frame=26 sample=4
VFX_STAGE_PROGRESS frame=26 sample=8
VFX_STAGE_PROGRESS frame=26 sample=12
REAL_STAGE_FRAME_PASS 27
VFX_STAGE_PROGRESS frame=27 reflections_start
VFX_STAGE_PROGRESS frame=27 sample=0
VFX_STAGE_PROGRESS frame=27 sample=4
VFX_STAGE_PROGRESS frame=27 sample=8
VFX_STAGE_PROGRESS frame=27 sample=12
REAL_STAGE_FRAME_PASS 28
VFX_STAGE_PROGRESS frame=28 reflections_start
VFX_STAGE_PROGRESS frame=28 sample=0
VFX_STAGE_PROGRESS frame=28 sample=4
VFX_STAGE_PROGRESS frame=28 sample=8
VFX_STAGE_PROGRESS frame=28 sample=12
REAL_STAGE_FRAME_PASS 29
VFX_STAGE_PROGRESS frame=29 reflections_start
VFX_STAGE_PROGRESS frame=29 sample=0
VFX_STAGE_PROGRESS frame=29 sample=4
VFX_STAGE_PROGRESS frame=29 sample=8
VFX_STAGE_PROGRESS frame=29 sample=12
REAL_STAGE_FRAME_PASS 30
VFX_STAGE_PROGRESS frame=30 reflections_start
VFX_STAGE_PROGRESS frame=30 sample=0
VFX_STAGE_PROGRESS frame=30 sample=4
VFX_STAGE_PROGRESS frame=30 sample=8
VFX_STAGE_PROGRESS frame=30 sample=12
REAL_STAGE_FRAME_PASS 31
VFX_STAGE_PROGRESS frame=31 reflections_start
VFX_STAGE_PROGRESS frame=31 sample=0
VFX_STAGE_PROGRESS frame=31 sample=4
VFX_STAGE_PROGRESS frame=31 sample=8
VFX_STAGE_PROGRESS frame=31 sample=12
REAL_STAGE_FRAME_PASS 32
VFX_STAGE_PROGRESS frame=32 reflections_start
VFX_STAGE_PROGRESS frame=32 sample=0
VFX_STAGE_PROGRESS frame=32 sample=4
VFX_STAGE_PROGRESS frame=32 sample=8
VFX_STAGE_PROGRESS frame=32 sample=12
REAL_STAGE_FRAME_PASS 33
VFX_STAGE_PROGRESS frame=33 reflections_start
VFX_STAGE_PROGRESS frame=33 sample=0
VFX_STAGE_PROGRESS frame=33 sample=4
VFX_STAGE_PROGRESS frame=33 sample=8
VFX_STAGE_PROGRESS frame=33 sample=12
REAL_STAGE_FRAME_PASS 34
VFX_STAGE_PROGRESS frame=34 reflections_start
VFX_STAGE_PROGRESS frame=34 sample=0
VFX_STAGE_PROGRESS frame=34 sample=4
VFX_STAGE_PROGRESS frame=34 sample=8
VFX_STAGE_PROGRESS frame=34 sample=12
REAL_STAGE_FRAME_PASS 35
VFX_STAGE_PROGRESS frame=35 reflections_start
VFX_STAGE_PROGRESS frame=35 sample=0
VFX_STAGE_PROGRESS frame=35 sample=4
VFX_STAGE_PROGRESS frame=35 sample=8
VFX_STAGE_PROGRESS frame=35 sample=12
REAL_STAGE_FRAME_PASS 36
VFX_STAGE_PROGRESS frame=36 reflections_start
VFX_STAGE_PROGRESS frame=36 sample=0
VFX_STAGE_PROGRESS frame=36 sample=4
VFX_STAGE_PROGRESS frame=36 sample=8
VFX_STAGE_PROGRESS frame=36 sample=12
REAL_STAGE_FRAME_PASS 37
VFX_STAGE_PROGRESS frame=37 reflections_start
VFX_STAGE_PROGRESS frame=37 sample=0
VFX_STAGE_PROGRESS frame=37 sample=4
VFX_STAGE_PROGRESS frame=37 sample=8
VFX_STAGE_PROGRESS frame=37 sample=12
REAL_STAGE_FRAME_PASS 38
VFX_STAGE_PROGRESS frame=38 reflections_start
VFX_STAGE_PROGRESS frame=38 sample=0
VFX_STAGE_PROGRESS frame=38 sample=4
VFX_STAGE_PROGRESS frame=38 sample=8
VFX_STAGE_PROGRESS frame=38 sample=12
REAL_STAGE_FRAME_PASS 39
VFX_STAGE_PROGRESS frame=39 reflections_start
VFX_STAGE_PROGRESS frame=39 sample=0
VFX_STAGE_PROGRESS frame=39 sample=4
VFX_STAGE_PROGRESS frame=39 sample=8
VFX_STAGE_PROGRESS frame=39 sample=12
REAL_STAGE_FRAME_PASS 40
VFX_STAGE_PROGRESS frame=40 reflections_start
VFX_STAGE_PROGRESS frame=40 sample=0
VFX_STAGE_PROGRESS frame=40 sample=4
VFX_STAGE_PROGRESS frame=40 sample=8
VFX_STAGE_PROGRESS frame=40 sample=12
REAL_STAGE_FRAME_PASS 41
VFX_STAGE_PROGRESS frame=41 reflections_start
VFX_STAGE_PROGRESS frame=41 sample=0
VFX_STAGE_PROGRESS frame=41 sample=4
VFX_STAGE_PROGRESS frame=41 sample=8
VFX_STAGE_PROGRESS frame=41 sample=12
REAL_STAGE_FRAME_PASS 42
VFX_STAGE_PROGRESS frame=42 reflections_start
VFX_STAGE_PROGRESS frame=42 sample=0
VFX_STAGE_PROGRESS frame=42 sample=4
VFX_STAGE_PROGRESS frame=42 sample=8
VFX_STAGE_PROGRESS frame=42 sample=12
REAL_STAGE_FRAME_PASS 43
VFX_STAGE_PROGRESS frame=43 reflections_start
VFX_STAGE_PROGRESS frame=43 sample=0
VFX_STAGE_PROGRESS frame=43 sample=4
VFX_STAGE_PROGRESS frame=43 sample=8
VFX_STAGE_PROGRESS frame=43 sample=12
REAL_STAGE_FRAME_PASS 44
VFX_STAGE_PROGRESS frame=44 reflections_start
VFX_STAGE_PROGRESS frame=44 sample=0
VFX_STAGE_PROGRESS frame=44 sample=4
VFX_STAGE_PROGRESS frame=44 sample=8
VFX_STAGE_PROGRESS frame=44 sample=12
REAL_STAGE_FRAME_PASS 45
VFX_STAGE_PROGRESS frame=45 reflections_start
VFX_STAGE_PROGRESS frame=45 sample=0
VFX_STAGE_PROGRESS frame=45 sample=4
VFX_STAGE_PROGRESS frame=45 sample=8
VFX_STAGE_PROGRESS frame=45 sample=12
REAL_STAGE_FRAME_PASS 46
VFX_STAGE_PROGRESS frame=46 reflections_start
VFX_STAGE_PROGRESS frame=46 sample=0
VFX_STAGE_PROGRESS frame=46 sample=4
VFX_STAGE_PROGRESS frame=46 sample=8
VFX_STAGE_PROGRESS frame=46 sample=12
REAL_STAGE_FRAME_PASS 47
VFX_STAGE_PROGRESS frame=47 reflections_start
VFX_STAGE_PROGRESS frame=47 sample=0
VFX_STAGE_PROGRESS frame=47 sample=4
VFX_STAGE_PROGRESS frame=47 sample=8
VFX_STAGE_PROGRESS frame=47 sample=12
REAL_STAGE_FRAME_PASS 48
REAL_PRODUCTION_THREE_SPARK_PASS 48 frames
